// Jest Snapshot v1, https://goo.gl/fbAQLP

exports[`Display Customers  should render correctly  1`] = `
<DocumentFragment>
  <div
    style="margin: 20px;"
  >
    <div>
      No Customers to Display. Please add customers
    </div>
  </div>
</DocumentFragment>
`;
