// Jest Snapshot v1, https://goo.gl/fbAQLP

exports[`Display Customers  should render correctly  1`] = `
<DocumentFragment>
  <h2>
    Customers
  </h2>
</DocumentFragment>
`;
