// Jest Snapshot v1, https://goo.gl/fbAQLP

exports[`Display orders   should render correctly  1`] = `
<DocumentFragment>
  <h2>
    Orders
  </h2>
</DocumentFragment>
`;
